

Violation Details -
    
	Description    :	Ensure platform flag with FROM command is not used for Docker file
	File           :	Dockerfile
	Line           :	1
	Severity       :	MEDIUM
	
	-----------------------------------------------------------------------
	

Scan Summary -

	File/Folder         :	/Users/suvarna/go/src/github.com/rchanger/terrascan/test/e2e/test_data/iac/docker/dockerfile_with_platform_flag_violation
	IaC Type            :	docker
	Scanned At          :	2021-08-06 14:15:03.202473 +0000 UTC
	Policies Validated  :	9
	Violated Policies   :	1
	Low                 :	0
	Medium              :	1
	High                :	0
	

